{"common":{"children":{"follow":{"added":false},"setting1":{"unchanged":"Value 1"},"setting2":{"removed":200},"setting3":{"changed":{"from":true,"to":null}},"setting4":{"added":"blah blah"},"setting5":{"added":{"key5":"value5"}},"setting6":{"children":{"doge":{"children":{"wow":{"changed":{"from":"","to":"so much"}}}},"key":{"unchanged":"value"},"ops":{"added":"vops"}}}}},"group1":{"children":{"baz":{"changed":{"from":"bas","to":"bars"}},"foo":{"unchanged":"bar"},"nest":{"changed":{"from":{"key":"value"},"to":"str"}}}},"group2":{"removed":{"abc":12345,"deep":{"id":45}}},"group3":{"added":{"deep":{"id":{"number":45}},"fee":100500}}}
